2026-09-21 19:45:23,610 INFO o.a.j.u.JMeterUtils: Setting Locale to en_EN
2026-09-21 19:45:23,617 INFO o.a.j.JMeter: Loading user properties from: /home/aldo-manzo/Scrivania/Applications/apache-jmeter-5.6.3/bin/user.properties
2026-09-21 19:45:23,617 INFO o.a.j.JMeter: Loading system properties from: /home/aldo-manzo/Scrivania/Applications/apache-jmeter-5.6.3/bin/system.properties
2026-09-21 19:45:23,618 INFO o.a.j.JMeter: Setting JMeter property: rate=35000
2026-09-21 19:45:23,618 INFO o.a.j.JMeter: Setting JMeter property: duration=300
2026-09-21 19:45:23,619 INFO o.a.j.JMeter: Copyright (c) 1998-2024 The Apache Software Foundation
2026-09-21 19:45:23,620 INFO o.a.j.JMeter: Version 5.6.3
2026-09-21 19:45:23,620 INFO o.a.j.JMeter: java.version=21.0.12
2026-09-21 19:45:23,620 INFO o.a.j.JMeter: java.vm.name=OpenJDK 64-Bit Server VM
2026-09-21 19:45:23,620 INFO o.a.j.JMeter: os.name=Linux
2026-09-21 19:45:23,620 INFO o.a.j.JMeter: os.arch=amd64
2026-09-21 19:45:23,620 INFO o.a.j.JMeter: os.version=7.1.5-070105-generic
2026-09-21 19:45:23,620 INFO o.a.j.JMeter: file.encoding=UTF-8
2026-09-21 19:45:23,620 INFO o.a.j.JMeter: java.awt.headless=true
2026-09-21 19:45:23,620 INFO o.a.j.JMeter: Max memory     =1073741824
2026-09-21 19:45:23,620 INFO o.a.j.JMeter: Available Processors =16
2026-09-21 19:45:23,624 INFO o.a.j.JMeter: Default Locale=English (EN)
2026-09-21 19:45:23,624 INFO o.a.j.JMeter: JMeter  Locale=English (EN)
2026-09-21 19:45:23,624 INFO o.a.j.JMeter: JMeterHome=/home/aldo-manzo/Scrivania/Applications/apache-jmeter-5.6.3
2026-09-21 19:45:23,624 INFO o.a.j.JMeter: user.dir  =/home/aldo-manzo/Scrivania/IE/Elaborato/Ex1
2026-09-21 19:45:23,624 INFO o.a.j.JMeter: PWD       =/home/aldo-manzo/Scrivania/IE/Elaborato/Ex1
2026-09-21 19:45:23,624 INFO o.a.j.JMeter: IP: 127.0.1.1 Name: aldo-manzo-Zenbook-S14 FullName: aldo-manzo-Zenbook-S14
2026-09-21 19:45:23,630 INFO o.a.j.s.FileServer: Default base='/home/aldo-manzo/Scrivania/IE/Elaborato/Ex1'
2026-09-21 19:45:23,631 INFO o.a.j.s.FileServer: Set new base='/home/aldo-manzo/Scrivania/IE/Elaborato/Ex1/.'
2026-09-21 19:45:23,702 INFO o.a.j.s.SaveService: Testplan (JMX) version: 2.2. Testlog (JTL) version: 2.2
2026-09-21 19:45:23,713 INFO o.a.j.s.SaveService: Using SaveService properties version 5.0
2026-09-21 19:45:23,714 INFO o.a.j.s.SaveService: Using SaveService properties file encoding UTF-8
2026-09-21 19:45:23,715 INFO o.a.j.s.SaveService: Loading file: ./Test.jmx
2026-09-21 19:45:23,738 INFO o.a.j.p.h.s.HTTPSamplerBase: Parser for text/html is org.apache.jmeter.protocol.http.parser.LagartoBasedHtmlParser
2026-09-21 19:45:23,738 INFO o.a.j.p.h.s.HTTPSamplerBase: Parser for application/xhtml+xml is org.apache.jmeter.protocol.http.parser.LagartoBasedHtmlParser
2026-09-21 19:45:23,738 INFO o.a.j.p.h.s.HTTPSamplerBase: Parser for application/xml is org.apache.jmeter.protocol.http.parser.LagartoBasedHtmlParser
2026-09-21 19:45:23,738 INFO o.a.j.p.h.s.HTTPSamplerBase: Parser for text/xml is org.apache.jmeter.protocol.http.parser.LagartoBasedHtmlParser
2026-09-21 19:45:23,738 INFO o.a.j.p.h.s.HTTPSamplerBase: Parser for text/vnd.wap.wml is org.apache.jmeter.protocol.http.parser.RegexpHTMLParser
2026-09-21 19:45:23,738 INFO o.a.j.p.h.s.HTTPSamplerBase: Parser for text/css is org.apache.jmeter.protocol.http.parser.CssParser
2026-09-21 19:45:23,744 INFO o.a.j.JMeter: Creating summariser <summary>
2026-09-21 19:45:23,752 INFO o.a.j.e.StandardJMeterEngine: Running the test!
2026-09-21 19:45:23,752 INFO o.a.j.s.SampleEvent: List of sample_variables: []
2026-09-21 19:45:23,752 INFO o.a.j.s.SampleEvent: List of sample_variables: []
2026-09-21 19:45:23,755 INFO o.a.j.e.u.CompoundVariable: Note: Function class names must contain the string: '.functions.'
2026-09-21 19:45:23,755 INFO o.a.j.e.u.CompoundVariable: Note: Function class names must not contain the string: '.gui.'
2026-09-21 19:45:23,794 INFO o.a.j.JMeter: Running test (1790012723794)
2026-09-21 19:45:23,805 INFO o.a.j.e.StandardJMeterEngine: Starting ThreadGroup: 1 : Thread Group
2026-09-21 19:45:23,806 INFO o.a.j.e.StandardJMeterEngine: Starting 100 threads for group Thread Group.
2026-09-21 19:45:23,806 INFO o.a.j.e.StandardJMeterEngine: Thread will continue on error
2026-09-21 19:45:23,806 INFO o.a.j.t.ThreadGroup: Starting thread group... number=1 threads=100 ramp-up=1 delayedStart=false
2026-09-21 19:45:23,810 INFO o.a.j.t.JMeterThread: Thread started: Thread Group 1-1
2026-09-21 19:45:23,817 INFO o.a.j.t.JMeterThread: Thread started: Thread Group 1-2
2026-09-21 19:45:23,827 INFO o.a.j.t.JMeterThread: Thread started: Thread Group 1-3
2026-09-21 19:45:23,831 INFO o.a.j.t.ThreadGroup: Started thread group number 1
2026-09-21 19:45:23,831 INFO o.a.j.e.StandardJMeterEngine: All thread groups have been started
2026-09-21 19:45:23,837 INFO o.a.j.t.JMeterThread: Thread started: Thread Group 1-4
2026-09-21 19:45:23,845 INFO o.a.j.p.h.s.HTTPHCAbstractImpl: Local host = aldo-manzo-Zenbook-S14
2026-09-21 19:45:23,847 INFO o.a.j.t.JMeterThread: Thread started: Thread Group 1-5
2026-09-21 19:45:23,849 INFO o.a.j.p.h.s.HTTPHC4Impl: HTTP request retry count = 0
2026-09-21 19:45:23,850 INFO o.a.j.s.SampleResult: Note: Sample TimeStamps are START times
2026-09-21 19:45:23,850 INFO o.a.j.s.SampleResult: sampleresult.default.encoding is set to UTF-8
2026-09-21 19:45:23,850 INFO o.a.j.s.SampleResult: sampleresult.useNanoTime=true
2026-09-21 19:45:23,850 INFO o.a.j.s.SampleResult: sampleresult.nanoThreadSleep=5000
2026-09-21 19:45:23,857 INFO o.a.j.t.JMeterThread: Thread started: Thread Group 1-6
2026-09-21 19:45:23,867 INFO o.a.j.t.JMeterThread: Thread started: Thread Group 1-7
2026-09-21 19:45:23,876 INFO o.a.j.t.JMeterThread: Thread started: Thread Group 1-8
2026-09-21 19:45:23,887 INFO o.a.j.t.JMeterThread: Thread started: Thread Group 1-9
2026-09-21 19:45:23,897 INFO o.a.j.t.JMeterThread: Thread started: Thread Group 1-10
2026-09-21 19:45:23,906 INFO o.a.j.t.JMeterThread: Thread started: Thread Group 1-11
2026-09-21 19:45:23,915 INFO o.a.j.u.JsseSSLManager: Using default SSL protocol: TLS
2026-09-21 19:45:23,915 INFO o.a.j.u.JsseSSLManager: SSL session context: per-thread
2026-09-21 19:45:23,917 INFO o.a.j.t.JMeterThread: Thread started: Thread Group 1-12
2026-09-21 19:45:23,927 INFO o.a.j.t.JMeterThread: Thread started: Thread Group 1-13
2026-09-21 19:45:23,936 INFO o.a.j.t.JMeterThread: Thread started: Thread Group 1-14
2026-09-21 19:45:23,947 INFO o.a.j.t.JMeterThread: Thread started: Thread Group 1-15
2026-09-21 19:45:23,959 INFO o.a.j.t.JMeterThread: Thread started: Thread Group 1-16
2026-09-21 19:45:23,967 INFO o.a.j.t.JMeterThread: Thread started: Thread Group 1-17
2026-09-21 19:45:23,977 INFO o.a.j.t.JMeterThread: Thread started: Thread Group 1-18
2026-09-21 19:45:23,987 INFO o.a.j.t.JMeterThread: Thread started: Thread Group 1-19
2026-09-21 19:45:23,996 INFO o.a.j.t.JMeterThread: Thread started: Thread Group 1-20
2026-09-21 19:45:24,006 INFO o.a.j.t.JMeterThread: Thread started: Thread Group 1-21
2026-09-21 19:45:24,017 INFO o.a.j.t.JMeterThread: Thread started: Thread Group 1-22
2026-09-21 19:45:24,027 INFO o.a.j.t.JMeterThread: Thread started: Thread Group 1-23
2026-09-21 19:45:24,036 INFO o.a.j.t.JMeterThread: Thread started: Thread Group 1-24
2026-09-21 19:45:24,046 INFO o.a.j.t.JMeterThread: Thread started: Thread Group 1-25
2026-09-21 19:45:24,056 INFO o.a.j.t.JMeterThread: Thread started: Thread Group 1-26
2026-09-21 19:45:24,067 INFO o.a.j.t.JMeterThread: Thread started: Thread Group 1-27
2026-09-21 19:45:24,077 INFO o.a.j.t.JMeterThread: Thread started: Thread Group 1-28
2026-09-21 19:45:24,086 INFO o.a.j.t.JMeterThread: Thread started: Thread Group 1-29
2026-09-21 19:45:24,096 INFO o.a.j.t.JMeterThread: Thread started: Thread Group 1-30
2026-09-21 19:45:24,107 INFO o.a.j.t.JMeterThread: Thread started: Thread Group 1-31
2026-09-21 19:45:24,117 INFO o.a.j.t.JMeterThread: Thread started: Thread Group 1-32
2026-09-21 19:45:24,126 INFO o.a.j.t.JMeterThread: Thread started: Thread Group 1-33
2026-09-21 19:45:24,136 INFO o.a.j.t.JMeterThread: Thread started: Thread Group 1-34
2026-09-21 19:45:24,146 INFO o.a.j.t.JMeterThread: Thread started: Thread Group 1-35
2026-09-21 19:45:24,157 INFO o.a.j.t.JMeterThread: Thread started: Thread Group 1-36
2026-09-21 19:45:24,166 INFO o.a.j.t.JMeterThread: Thread started: Thread Group 1-37
2026-09-21 19:45:24,176 INFO o.a.j.t.JMeterThread: Thread started: Thread Group 1-38
2026-09-21 19:45:24,186 INFO o.a.j.t.JMeterThread: Thread started: Thread Group 1-39
2026-09-21 19:45:24,197 INFO o.a.j.t.JMeterThread: Thread started: Thread Group 1-40
2026-09-21 19:45:24,207 INFO o.a.j.t.JMeterThread: Thread started: Thread Group 1-41
2026-09-21 19:45:24,216 INFO o.a.j.t.JMeterThread: Thread started: Thread Group 1-42
2026-09-21 19:45:24,226 INFO o.a.j.t.JMeterThread: Thread started: Thread Group 1-43
2026-09-21 19:45:24,236 INFO o.a.j.t.JMeterThread: Thread started: Thread Group 1-44
2026-09-21 19:45:24,247 INFO o.a.j.t.JMeterThread: Thread started: Thread Group 1-45
2026-09-21 19:45:24,257 INFO o.a.j.t.JMeterThread: Thread started: Thread Group 1-46
2026-09-21 19:45:24,267 INFO o.a.j.t.JMeterThread: Thread started: Thread Group 1-47
2026-09-21 19:45:24,276 INFO o.a.j.t.JMeterThread: Thread started: Thread Group 1-48
2026-09-21 19:45:24,286 INFO o.a.j.t.JMeterThread: Thread started: Thread Group 1-49
2026-09-21 19:45:24,297 INFO o.a.j.t.JMeterThread: Thread started: Thread Group 1-50
2026-09-21 19:45:24,307 INFO o.a.j.t.JMeterThread: Thread started: Thread Group 1-51
2026-09-21 19:45:24,316 INFO o.a.j.t.JMeterThread: Thread started: Thread Group 1-52
2026-09-21 19:45:24,326 INFO o.a.j.t.JMeterThread: Thread started: Thread Group 1-53
2026-09-21 19:45:24,337 INFO o.a.j.t.JMeterThread: Thread started: Thread Group 1-54
2026-09-21 19:45:24,347 INFO o.a.j.t.JMeterThread: Thread started: Thread Group 1-55
2026-09-21 19:45:24,357 INFO o.a.j.t.JMeterThread: Thread started: Thread Group 1-56
2026-09-21 19:45:24,366 INFO o.a.j.t.JMeterThread: Thread started: Thread Group 1-57
2026-09-21 19:45:24,376 INFO o.a.j.t.JMeterThread: Thread started: Thread Group 1-58
2026-09-21 19:45:24,386 INFO o.a.j.t.JMeterThread: Thread started: Thread Group 1-59
2026-09-21 19:45:24,397 INFO o.a.j.t.JMeterThread: Thread started: Thread Group 1-60
2026-09-21 19:45:24,407 INFO o.a.j.t.JMeterThread: Thread started: Thread Group 1-61
2026-09-21 19:45:24,416 INFO o.a.j.t.JMeterThread: Thread started: Thread Group 1-62
2026-09-21 19:45:24,426 INFO o.a.j.t.JMeterThread: Thread started: Thread Group 1-63
2026-09-21 19:45:24,436 INFO o.a.j.t.JMeterThread: Thread started: Thread Group 1-64
2026-09-21 19:45:24,447 INFO o.a.j.t.JMeterThread: Thread started: Thread Group 1-65
2026-09-21 19:45:24,457 INFO o.a.j.t.JMeterThread: Thread started: Thread Group 1-66
2026-09-21 19:45:24,466 INFO o.a.j.t.JMeterThread: Thread started: Thread Group 1-67
2026-09-21 19:45:24,476 INFO o.a.j.t.JMeterThread: Thread started: Thread Group 1-68
2026-09-21 19:45:24,486 INFO o.a.j.t.JMeterThread: Thread started: Thread Group 1-69
2026-09-21 19:45:24,497 INFO o.a.j.t.JMeterThread: Thread started: Thread Group 1-70
2026-09-21 19:45:24,507 INFO o.a.j.t.JMeterThread: Thread started: Thread Group 1-71
2026-09-21 19:45:24,517 INFO o.a.j.t.JMeterThread: Thread started: Thread Group 1-72
2026-09-21 19:45:24,526 INFO o.a.j.t.JMeterThread: Thread started: Thread Group 1-73
2026-09-21 19:45:24,536 INFO o.a.j.t.JMeterThread: Thread started: Thread Group 1-74
2026-09-21 19:45:24,546 INFO o.a.j.t.JMeterThread: Thread started: Thread Group 1-75
2026-09-21 19:45:24,556 INFO o.a.j.t.JMeterThread: Thread started: Thread Group 1-76
2026-09-21 19:45:24,567 INFO o.a.j.t.JMeterThread: Thread started: Thread Group 1-77
2026-09-21 19:45:24,577 INFO o.a.j.t.JMeterThread: Thread started: Thread Group 1-78
2026-09-21 19:45:24,586 INFO o.a.j.t.JMeterThread: Thread started: Thread Group 1-79
2026-09-21 19:45:24,596 INFO o.a.j.t.JMeterThread: Thread started: Thread Group 1-80
2026-09-21 19:45:24,606 INFO o.a.j.t.JMeterThread: Thread started: Thread Group 1-81
2026-09-21 19:45:24,617 INFO o.a.j.t.JMeterThread: Thread started: Thread Group 1-82
2026-09-21 19:45:24,627 INFO o.a.j.t.JMeterThread: Thread started: Thread Group 1-83
2026-09-21 19:45:24,637 INFO o.a.j.t.JMeterThread: Thread started: Thread Group 1-84
2026-09-21 19:45:24,646 INFO o.a.j.t.JMeterThread: Thread started: Thread Group 1-85
2026-09-21 19:45:24,656 INFO o.a.j.t.JMeterThread: Thread started: Thread Group 1-86
2026-09-21 19:45:24,666 INFO o.a.j.t.JMeterThread: Thread started: Thread Group 1-87
2026-09-21 19:45:24,677 INFO o.a.j.t.JMeterThread: Thread started: Thread Group 1-88
2026-09-21 19:45:24,687 INFO o.a.j.t.JMeterThread: Thread started: Thread Group 1-89
2026-09-21 19:45:24,696 INFO o.a.j.t.JMeterThread: Thread started: Thread Group 1-90
2026-09-21 19:45:24,706 INFO o.a.j.t.JMeterThread: Thread started: Thread Group 1-91
2026-09-21 19:45:24,716 INFO o.a.j.t.JMeterThread: Thread started: Thread Group 1-92
2026-09-21 19:45:24,727 INFO o.a.j.t.JMeterThread: Thread started: Thread Group 1-93
2026-09-21 19:45:24,737 INFO o.a.j.t.JMeterThread: Thread started: Thread Group 1-94
2026-09-21 19:45:24,747 INFO o.a.j.t.JMeterThread: Thread started: Thread Group 1-95
2026-09-21 19:45:24,756 INFO o.a.j.t.JMeterThread: Thread started: Thread Group 1-96
2026-09-21 19:45:24,766 INFO o.a.j.t.JMeterThread: Thread started: Thread Group 1-97
2026-09-21 19:45:24,776 INFO o.a.j.t.JMeterThread: Thread started: Thread Group 1-98
2026-09-21 19:45:24,786 INFO o.a.j.t.JMeterThread: Thread started: Thread Group 1-99
2026-09-21 19:45:24,797 INFO o.a.j.t.JMeterThread: Thread started: Thread Group 1-100
2026-09-21 19:45:30,001 INFO o.a.j.r.Summariser: summary +   3649 in 00:00:06 =  588.0/s Avg:     2 Min:     0 Max:    64 Err:     0 (0.00%) Active: 100 Started: 100 Finished: 0
2026-09-21 19:46:00,001 INFO o.a.j.r.Summariser: summary +  17544 in 00:00:30 =  584.8/s Avg:     3 Min:     0 Max:    48 Err:     0 (0.00%) Active: 100 Started: 100 Finished: 0
2026-09-21 19:46:00,002 INFO o.a.j.r.Summariser: summary =  21193 in 00:00:36 =  585.3/s Avg:     3 Min:     0 Max:    64 Err:     0 (0.00%)
2026-09-21 19:46:30,006 INFO o.a.j.r.Summariser: summary +  17544 in 00:00:30 =  584.7/s Avg:     5 Min:     0 Max:    39 Err:  8732 (49.77%) Active: 100 Started: 100 Finished: 0
2026-09-21 19:46:30,007 INFO o.a.j.r.Summariser: summary =  38737 in 00:01:06 =  585.1/s Avg:     4 Min:     0 Max:    64 Err:  8732 (22.54%)
2026-09-21 19:47:00,000 INFO o.a.j.r.Summariser: summary +  17544 in 00:00:30 =  584.9/s Avg:     3 Min:     0 Max:    59 Err:   621 (3.54%) Active: 100 Started: 100 Finished: 0
2026-09-21 19:47:00,001 INFO o.a.j.r.Summariser: summary =  56281 in 00:01:36 =  585.0/s Avg:     3 Min:     0 Max:    64 Err:  9353 (16.62%)
2026-09-21 19:47:30,003 INFO o.a.j.r.Summariser: summary +  17539 in 00:00:30 =  584.6/s Avg:     4 Min:     0 Max:    43 Err:  7269 (41.44%) Active: 100 Started: 100 Finished: 0
2026-09-21 19:47:30,004 INFO o.a.j.r.Summariser: summary =  73820 in 00:02:06 =  584.9/s Avg:     4 Min:     0 Max:    64 Err: 16622 (22.52%)
2026-09-21 19:48:00,004 INFO o.a.j.r.Summariser: summary +  17553 in 00:00:30 =  585.1/s Avg:     3 Min:     0 Max:    32 Err:  2088 (11.90%) Active: 100 Started: 100 Finished: 0
2026-09-21 19:48:00,004 INFO o.a.j.r.Summariser: summary =  91373 in 00:02:36 =  584.9/s Avg:     3 Min:     0 Max:    64 Err: 18710 (20.48%)
2026-09-21 19:48:30,004 INFO o.a.j.r.Summariser: summary +  17539 in 00:00:30 =  584.6/s Avg:     4 Min:     0 Max:    26 Err:  5420 (30.90%) Active: 100 Started: 100 Finished: 0
2026-09-21 19:48:30,004 INFO o.a.j.r.Summariser: summary = 108912 in 00:03:06 =  584.9/s Avg:     4 Min:     0 Max:    64 Err: 24130 (22.16%)
2026-09-21 19:49:00,000 INFO o.a.j.r.Summariser: summary +  17546 in 00:00:30 =  584.9/s Avg:     3 Min:     0 Max:    28 Err:  3938 (22.44%) Active: 100 Started: 100 Finished: 0
2026-09-21 19:49:00,001 INFO o.a.j.r.Summariser: summary = 126458 in 00:03:36 =  584.9/s Avg:     3 Min:     0 Max:    64 Err: 28068 (22.20%)
2026-09-21 19:49:30,008 INFO o.a.j.r.Summariser: summary +  17541 in 00:00:30 =  584.5/s Avg:     4 Min:     0 Max:    41 Err:  3015 (17.19%) Active: 100 Started: 100 Finished: 0
2026-09-21 19:49:30,009 INFO o.a.j.r.Summariser: summary = 143999 in 00:04:06 =  584.9/s Avg:     4 Min:     0 Max:    64 Err: 31083 (21.59%)
2026-09-21 19:50:00,001 INFO o.a.j.r.Summariser: summary +  17547 in 00:00:30 =  585.1/s Avg:     3 Min:     0 Max:    24 Err:  6334 (36.10%) Active: 100 Started: 100 Finished: 0
2026-09-21 19:50:00,001 INFO o.a.j.r.Summariser: summary = 161546 in 00:04:36 =  584.9/s Avg:     3 Min:     0 Max:    64 Err: 37417 (23.16%)
2026-09-21 19:50:23,654 INFO o.a.j.t.JMeterThread: Thread finished: Thread Group 1-23
2026-09-21 19:50:23,655 INFO o.a.j.t.JMeterThread: Thread finished: Thread Group 1-37
2026-09-21 19:50:23,656 INFO o.a.j.t.JMeterThread: Thread finished: Thread Group 1-27
2026-09-21 19:50:23,660 INFO o.a.j.t.JMeterThread: Thread finished: Thread Group 1-17
2026-09-21 19:50:23,667 INFO o.a.j.t.JMeterThread: Thread finished: Thread Group 1-44
2026-09-21 19:50:23,667 INFO o.a.j.t.JMeterThread: Thread finished: Thread Group 1-32
2026-09-21 19:50:23,672 INFO o.a.j.t.JMeterThread: Thread finished: Thread Group 1-20
2026-09-21 19:50:23,674 INFO o.a.j.t.JMeterThread: Thread finished: Thread Group 1-83
2026-09-21 19:50:23,676 INFO o.a.j.t.JMeterThread: Thread finished: Thread Group 1-71
2026-09-21 19:50:23,685 INFO o.a.j.t.JMeterThread: Thread finished: Thread Group 1-52
2026-09-21 19:50:23,687 INFO o.a.j.t.JMeterThread: Thread finished: Thread Group 1-98
2026-09-21 19:50:23,687 INFO o.a.j.t.JMeterThread: Thread finished: Thread Group 1-38
2026-09-21 19:50:23,691 INFO o.a.j.t.JMeterThread: Thread finished: Thread Group 1-61
2026-09-21 19:50:23,692 INFO o.a.j.t.JMeterThread: Thread finished: Thread Group 1-72
2026-09-21 19:50:23,693 INFO o.a.j.t.JMeterThread: Thread finished: Thread Group 1-84
2026-09-21 19:50:23,696 INFO o.a.j.t.JMeterThread: Thread finished: Thread Group 1-99
2026-09-21 19:50:23,703 INFO o.a.j.t.JMeterThread: Thread finished: Thread Group 1-62
2026-09-21 19:50:23,704 INFO o.a.j.t.JMeterThread: Thread finished: Thread Group 1-45
2026-09-21 19:50:23,705 INFO o.a.j.t.JMeterThread: Thread finished: Thread Group 1-85
2026-09-21 19:50:23,706 INFO o.a.j.t.JMeterThread: Thread finished: Thread Group 1-28
2026-09-21 19:50:23,706 INFO o.a.j.t.JMeterThread: Thread finished: Thread Group 1-15
2026-09-21 19:50:23,707 INFO o.a.j.t.JMeterThread: Thread finished: Thread Group 1-24
2026-09-21 19:50:23,708 INFO o.a.j.t.JMeterThread: Thread finished: Thread Group 1-53
2026-09-21 19:50:23,712 INFO o.a.j.t.JMeterThread: Thread finished: Thread Group 1-39
2026-09-21 19:50:23,712 INFO o.a.j.t.JMeterThread: Thread finished: Thread Group 1-4
2026-09-21 19:50:23,713 INFO o.a.j.t.JMeterThread: Thread finished: Thread Group 1-73
2026-09-21 19:50:23,714 INFO o.a.j.t.JMeterThread: Thread finished: Thread Group 1-33
2026-09-21 19:50:23,716 INFO o.a.j.t.JMeterThread: Thread finished: Thread Group 1-86
2026-09-21 19:50:23,722 INFO o.a.j.t.JMeterThread: Thread finished: Thread Group 1-74
2026-09-21 19:50:23,723 INFO o.a.j.t.JMeterThread: Thread finished: Thread Group 1-54
2026-09-21 19:50:23,725 INFO o.a.j.t.JMeterThread: Thread finished: Thread Group 1-46
2026-09-21 19:50:23,725 INFO o.a.j.t.JMeterThread: Thread finished: Thread Group 1-63
2026-09-21 19:50:23,727 INFO o.a.j.t.JMeterThread: Thread finished: Thread Group 1-87
2026-09-21 19:50:23,728 INFO o.a.j.t.JMeterThread: Thread finished: Thread Group 1-21
2026-09-21 19:50:23,728 INFO o.a.j.t.JMeterThread: Thread finished: Thread Group 1-18
2026-09-21 19:50:23,739 INFO o.a.j.t.JMeterThread: Thread finished: Thread Group 1-34
2026-09-21 19:50:23,740 INFO o.a.j.t.JMeterThread: Thread finished: Thread Group 1-64
2026-09-21 19:50:23,741 INFO o.a.j.t.JMeterThread: Thread finished: Thread Group 1-29
2026-09-21 19:50:23,742 INFO o.a.j.t.JMeterThread: Thread finished: Thread Group 1-47
2026-09-21 19:50:23,743 INFO o.a.j.t.JMeterThread: Thread finished: Thread Group 1-9
2026-09-21 19:50:23,743 INFO o.a.j.t.JMeterThread: Thread finished: Thread Group 1-25
2026-09-21 19:50:23,746 INFO o.a.j.t.JMeterThread: Thread finished: Thread Group 1-55
2026-09-21 19:50:23,746 INFO o.a.j.t.JMeterThread: Thread finished: Thread Group 1-40
2026-09-21 19:50:23,746 INFO o.a.j.t.JMeterThread: Thread finished: Thread Group 1-6
2026-09-21 19:50:23,747 INFO o.a.j.t.JMeterThread: Thread finished: Thread Group 1-88
2026-09-21 19:50:23,749 INFO o.a.j.t.JMeterThread: Thread finished: Thread Group 1-13
2026-09-21 19:50:23,750 INFO o.a.j.t.JMeterThread: Thread finished: Thread Group 1-75
2026-09-21 19:50:23,753 INFO o.a.j.t.JMeterThread: Thread finished: Thread Group 1-5
2026-09-21 19:50:23,754 INFO o.a.j.t.JMeterThread: Thread finished: Thread Group 1-76
2026-09-21 19:50:23,754 INFO o.a.j.t.JMeterThread: Thread finished: Thread Group 1-11
2026-09-21 19:50:23,755 INFO o.a.j.t.JMeterThread: Thread finished: Thread Group 1-65
2026-09-21 19:50:23,757 INFO o.a.j.t.JMeterThread: Thread finished: Thread Group 1-89
2026-09-21 19:50:23,758 INFO o.a.j.t.JMeterThread: Thread finished: Thread Group 1-56
2026-09-21 19:50:23,760 INFO o.a.j.t.JMeterThread: Thread finished: Thread Group 1-90
2026-09-21 19:50:23,764 INFO o.a.j.t.JMeterThread: Thread finished: Thread Group 1-35
2026-09-21 19:50:23,765 INFO o.a.j.t.JMeterThread: Thread finished: Thread Group 1-77
2026-09-21 19:50:23,765 INFO o.a.j.t.JMeterThread: Thread finished: Thread Group 1-30
2026-09-21 19:50:23,767 INFO o.a.j.t.JMeterThread: Thread finished: Thread Group 1-48
2026-09-21 19:50:23,768 INFO o.a.j.t.JMeterThread: Thread finished: Thread Group 1-66
2026-09-21 19:50:23,769 INFO o.a.j.t.JMeterThread: Thread finished: Thread Group 1-41
2026-09-21 19:50:23,769 INFO o.a.j.t.JMeterThread: Thread finished: Thread Group 1-10
2026-09-21 19:50:23,770 INFO o.a.j.t.JMeterThread: Thread finished: Thread Group 1-22
2026-09-21 19:50:23,774 INFO o.a.j.t.JMeterThread: Thread finished: Thread Group 1-91
2026-09-21 19:50:23,774 INFO o.a.j.t.JMeterThread: Thread finished: Thread Group 1-1
2026-09-21 19:50:23,778 INFO o.a.j.t.JMeterThread: Thread finished: Thread Group 1-78
2026-09-21 19:50:23,778 INFO o.a.j.t.JMeterThread: Thread finished: Thread Group 1-8
2026-09-21 19:50:23,780 INFO o.a.j.t.JMeterThread: Thread finished: Thread Group 1-57
2026-09-21 19:50:23,782 INFO o.a.j.t.JMeterThread: Thread finished: Thread Group 1-2
2026-09-21 19:50:23,786 INFO o.a.j.t.JMeterThread: Thread finished: Thread Group 1-3
2026-09-21 19:50:23,787 INFO o.a.j.t.JMeterThread: Thread finished: Thread Group 1-67
2026-09-21 19:50:23,787 INFO o.a.j.t.JMeterThread: Thread finished: Thread Group 1-92
2026-09-21 19:50:23,787 INFO o.a.j.t.JMeterThread: Thread finished: Thread Group 1-49
2026-09-21 19:50:23,788 INFO o.a.j.t.JMeterThread: Thread finished: Thread Group 1-16
2026-09-21 19:50:23,789 INFO o.a.j.t.JMeterThread: Thread finished: Thread Group 1-26
2026-09-21 19:50:23,789 INFO o.a.j.t.JMeterThread: Thread finished: Thread Group 1-42
2026-09-21 19:50:23,791 INFO o.a.j.t.JMeterThread: Thread finished: Thread Group 1-79
2026-09-21 19:50:23,797 INFO o.a.j.t.JMeterThread: Thread finished: Thread Group 1-93
2026-09-21 19:50:23,799 INFO o.a.j.t.JMeterThread: Thread finished: Thread Group 1-19
2026-09-21 19:50:23,799 INFO o.a.j.t.JMeterThread: Thread finished: Thread Group 1-36
2026-09-21 19:50:23,799 INFO o.a.j.t.JMeterThread: Thread finished: Thread Group 1-68
2026-09-21 19:50:23,804 INFO o.a.j.t.JMeterThread: Thread finished: Thread Group 1-7
2026-09-21 19:50:23,804 INFO o.a.j.t.JMeterThread: Thread finished: Thread Group 1-14
2026-09-21 19:50:23,804 INFO o.a.j.t.JMeterThread: Thread finished: Thread Group 1-58
2026-09-21 19:50:23,806 INFO o.a.j.t.JMeterThread: Thread finished: Thread Group 1-31
2026-09-21 19:50:23,807 INFO o.a.j.t.JMeterThread: Thread finished: Thread Group 1-80
2026-09-21 19:50:23,808 INFO o.a.j.t.JMeterThread: Thread finished: Thread Group 1-50
2026-09-21 19:50:23,809 INFO o.a.j.t.JMeterThread: Thread finished: Thread Group 1-12
2026-09-21 19:50:23,816 INFO o.a.j.t.JMeterThread: Thread finished: Thread Group 1-59
2026-09-21 19:50:23,817 INFO o.a.j.t.JMeterThread: Thread finished: Thread Group 1-69
2026-09-21 19:50:23,818 INFO o.a.j.t.JMeterThread: Thread finished: Thread Group 1-43
2026-09-21 19:50:23,819 INFO o.a.j.t.JMeterThread: Thread finished: Thread Group 1-81
2026-09-21 19:50:23,823 INFO o.a.j.t.JMeterThread: Thread finished: Thread Group 1-95
2026-09-21 19:50:23,825 INFO o.a.j.t.JMeterThread: Thread finished: Thread Group 1-96
2026-09-21 19:50:23,826 INFO o.a.j.t.JMeterThread: Stopping because end time detected by thread: Thread Group 1-51
2026-09-21 19:50:23,826 INFO o.a.j.t.JMeterThread: Thread finished: Thread Group 1-51
2026-09-21 19:50:23,827 INFO o.a.j.t.JMeterThread: Thread finished: Thread Group 1-82
2026-09-21 19:50:23,829 INFO o.a.j.t.JMeterThread: Stopping because end time detected by thread: Thread Group 1-60
2026-09-21 19:50:23,829 INFO o.a.j.t.JMeterThread: Thread finished: Thread Group 1-60
2026-09-21 19:50:23,829 INFO o.a.j.t.JMeterThread: Stopping because end time detected by thread: Thread Group 1-70
2026-09-21 19:50:23,829 INFO o.a.j.t.JMeterThread: Thread finished: Thread Group 1-70
2026-09-21 19:50:23,833 INFO o.a.j.t.JMeterThread: Stopping because end time detected by thread: Thread Group 1-97
2026-09-21 19:50:23,833 INFO o.a.j.t.JMeterThread: Thread finished: Thread Group 1-97
2026-09-21 19:50:23,834 INFO o.a.j.t.JMeterThread: Stopping because end time detected by thread: Thread Group 1-94
2026-09-21 19:50:23,834 INFO o.a.j.t.JMeterThread: Thread finished: Thread Group 1-94
2026-09-21 19:50:23,834 INFO o.a.j.t.JMeterThread: Stopping because end time detected by thread: Thread Group 1-100
2026-09-21 19:50:23,835 INFO o.a.j.t.JMeterThread: Thread finished: Thread Group 1-100
2026-09-21 19:50:23,835 INFO o.a.j.e.StandardJMeterEngine: Notifying test listeners of end of test
2026-09-21 19:50:23,835 INFO o.a.j.r.Summariser: summary +  13939 in 00:00:24 =  584.8/s Avg:     3 Min:     0 Max:    32 Err:     5 (0.04%) Active: 0 Started: 100 Finished: 100
2026-09-21 19:50:23,835 INFO o.a.j.r.Summariser: summary = 175485 in 00:05:00 =  584.9/s Avg:     3 Min:     0 Max:    64 Err: 37422 (21.32%)
